# Bochs Keymap file
# $Id: wx-pc-de.map,v 1.1 2002-10-15 16:48:10 vruppert Exp $
# Target: PC(x86) keyboard, DE keymap, wx gui on X11
# Author: Volker Ruppert
#
# The keymap file describes the layout of a keyboard, and how it translates
# into Bochs key codes.
#
# Format:
#  BX_Keysym                ASCII_equivalent      Host_key_name
#
# Or, for keys that require modifiers:
#  BX_Keysym+BX_Modifier    ASCII_equivalent      Host_key_name
#
# BX_Keysym and BX_Modifier must be present in the bx_key_symbol[] list in
# gui/keymap.cc.  The BX_Modifier is usually a shift key press, but it
# could be any key.  Presently a maximum of one modifier is supported, but this
# could be changed in keymap.h (structure def has only one slot for modifier),
# keymap.cc (parsing code), and iodev/keyboard.cc (simulate keypresses for >1
# modifier).
#
# The ASCII_equivalent must be either apostrophe + one character + apostrophe,
# or one of these keywords: space, return, tab, backslash, apostrophe, none.
# This format is designed to look like a char constant in C, but it's a very
# simple parser.  There's no concept of backslash being an escape char.  The
# backslash and apostrophe entries are provided for aesthetic purposes only: no
# C++ programmer wants to see '\' or '''. The parser doesn't care, but they are
# ugly.
#
# Host_key_name is the name of the key combination according to the gui library
# (X windows, SDL, etc).  Each GUI module must provide a function that converts
# these host key names into numbers.  A pointer to the conversion function is
# passed to loadKeymap(), and it is used when parsing the keymap file.  As the
# keymap file is parsed, the conversion function is called for each host key
# name, to convert it into a number.  Only the number is stored.  If the host
# key name is not found, the conversion function returns BX_KEYMAP_UNKNOWN, and
# the keymap code will panic, like this: 
#
#    [KMAP ] line 51: unknown host key name 'GDK_parenright' 
#
# If this happens, you must edit the keymap file, and either correct the host
# key name or comment out that line.
#

BX_KEY_0                                      '0'        GDK_0
BX_KEY_0+BX_KEY_ALT_R                         '}'        GDK_braceright
BX_KEY_0+BX_KEY_SHIFT_L                       '='        GDK_equal
BX_KEY_1                                      '1'        GDK_1
BX_KEY_1+BX_KEY_SHIFT_L                       '!'        GDK_exclam
BX_KEY_1+BX_KEY_ALT_R                         '¹'        GDK_onesuperior
BX_KEY_2                                      '2'        GDK_2
BX_KEY_2+BX_KEY_SHIFT_L                       '"'        GDK_quotedbl
BX_KEY_2+BX_KEY_ALT_R                         '²'        GDK_twosuperior
BX_KEY_3                                      '3'        GDK_3
BX_KEY_3+BX_KEY_SHIFT_L                       '§'        GDK_section
BX_KEY_3+BX_KEY_ALT_R                         '³'        GDK_threesuperior
BX_KEY_4                                      '4'        GDK_4
BX_KEY_4+BX_KEY_SHIFT_L                       '$'        GDK_dollar
BX_KEY_4+BX_KEY_ALT_R                         '¼'        GDK_onequarter
BX_KEY_5                                      '5'        GDK_5
BX_KEY_5+BX_KEY_ALT_R                         '½'        GDK_onehalf
BX_KEY_5+BX_KEY_SHIFT_L                       '%'        GDK_percent
BX_KEY_6                                      '6'        GDK_6
BX_KEY_6+BX_KEY_SHIFT_L                       '&'        GDK_ampersand
BX_KEY_6+BX_KEY_ALT_R                         '¾'        GDK_threequarters
BX_KEY_7                                      '7'        GDK_7
BX_KEY_7+BX_KEY_ALT_R                         '{'        GDK_braceleft
BX_KEY_7+BX_KEY_SHIFT_L                       '/'        GDK_slash
BX_KEY_8                                      '8'        GDK_8
BX_KEY_8+BX_KEY_ALT_R                         '['        GDK_bracketleft
BX_KEY_8+BX_KEY_SHIFT_L                       '('        GDK_parenleft
BX_KEY_9                                      '9'        GDK_9
BX_KEY_9+BX_KEY_ALT_R                         ']'        GDK_bracketright
BX_KEY_9+BX_KEY_SHIFT_L                       ')'        GDK_parenright
BX_KEY_A+BX_KEY_SHIFT_L                       'A'        GDK_A
BX_KEY_A                                      'a'        GDK_a
BX_KEY_A+BX_KEY_ALT_R                         'æ'        GDK_ae
BX_KEY_B+BX_KEY_SHIFT_L                       'B'        GDK_B
BX_KEY_B                                      'b'        GDK_b
BX_KEY_B+BX_KEY_ALT_R                         none       GDK_rightdoublequotemark
BX_KEY_C+BX_KEY_SHIFT_L                       'C'        GDK_C
BX_KEY_C                                      'c'        GDK_c
BX_KEY_C+BX_KEY_ALT_R                         '¢'        GDK_cent
BX_KEY_D+BX_KEY_SHIFT_L                       'D'        GDK_D
BX_KEY_D                                      'd'        GDK_d
BX_KEY_D+BX_KEY_ALT_R                         'ð'        GDK_eth
BX_KEY_E+BX_KEY_SHIFT_L                       'E'        GDK_E
BX_KEY_E+BX_KEY_ALT_R                         none       GDK_currency
BX_KEY_E                                      'e'        GDK_e
BX_KEY_F+BX_KEY_SHIFT_L                       'F'        GDK_F
BX_KEY_F+BX_KEY_ALT_R                         none       GDK_dstroke
BX_KEY_F                                      'f'        GDK_f
BX_KEY_G+BX_KEY_SHIFT_L                       'G'        GDK_G
BX_KEY_G+BX_KEY_ALT_R                         none       GDK_eng
BX_KEY_G                                      'g'        GDK_g
BX_KEY_H+BX_KEY_SHIFT_L                       'H'        GDK_H
BX_KEY_H                                      'h'        GDK_h
BX_KEY_H+BX_KEY_ALT_R                         none       GDK_hstroke
BX_KEY_I+BX_KEY_SHIFT_L                       'I'        GDK_I
BX_KEY_I                                      'i'        GDK_i
BX_KEY_I+BX_KEY_ALT_R                         none       GDK_rightarrow
BX_KEY_J+BX_KEY_SHIFT_L                       'J'        GDK_J
BX_KEY_J                                      'j'        GDK_j
BX_KEY_K+BX_KEY_SHIFT_L                       'K'        GDK_K
BX_KEY_K                                      'k'        GDK_k
BX_KEY_K+BX_KEY_ALT_R                         none       GDK_kra
BX_KEY_L+BX_KEY_SHIFT_L                       'L'        GDK_L
BX_KEY_L                                      'l'        GDK_l
BX_KEY_M+BX_KEY_SHIFT_L                       'M'        GDK_M
BX_KEY_M                                      'm'        GDK_m
BX_KEY_M+BX_KEY_ALT_R                         'µ'        GDK_mu
BX_KEY_N+BX_KEY_SHIFT_L                       'N'        GDK_N
BX_KEY_N                                      'n'        GDK_n
BX_KEY_O+BX_KEY_SHIFT_L                       'O'        GDK_O
BX_KEY_O                                      'o'        GDK_o
BX_KEY_O+BX_KEY_ALT_R                         'ø'        GDK_oslash
BX_KEY_P+BX_KEY_SHIFT_L                       'P'        GDK_P
BX_KEY_P                                      'p'        GDK_p
BX_KEY_P+BX_KEY_ALT_R                         'þ'        GDK_thorn
BX_KEY_Q+BX_KEY_SHIFT_L                       'Q'        GDK_Q
BX_KEY_Q+BX_KEY_ALT_R                         '@'        GDK_at
BX_KEY_Q                                      'q'        GDK_q
BX_KEY_R+BX_KEY_SHIFT_L                       'R'        GDK_R
BX_KEY_R+BX_KEY_ALT_R                         '¶'        GDK_paragraph
BX_KEY_R                                      'r'        GDK_r
BX_KEY_S+BX_KEY_SHIFT_L                       'S'        GDK_S
BX_KEY_S                                      's'        GDK_s
BX_KEY_T+BX_KEY_SHIFT_L                       'T'        GDK_T
BX_KEY_T                                      't'        GDK_t
BX_KEY_T+BX_KEY_ALT_R                         none       GDK_tslash
BX_KEY_U+BX_KEY_SHIFT_L                       'U'        GDK_U
BX_KEY_U+BX_KEY_ALT_R                         none       GDK_downarrow
BX_KEY_U                                      'u'        GDK_u
BX_KEY_V+BX_KEY_SHIFT_L                       'V'        GDK_V
BX_KEY_V+BX_KEY_ALT_R                         none       GDK_leftdoublequotemark
BX_KEY_V                                      'v'        GDK_v
BX_KEY_W+BX_KEY_SHIFT_L                       'W'        GDK_W
BX_KEY_W+BX_KEY_ALT_R                         none       GDK_lstroke
BX_KEY_W                                      'w'        GDK_w
BX_KEY_X+BX_KEY_SHIFT_L                       'X'        GDK_X
BX_KEY_X+BX_KEY_ALT_R                         '»'        GDK_guillemotright
BX_KEY_X                                      'x'        GDK_x
BX_KEY_Y+BX_KEY_SHIFT_L                       'Z'        GDK_Z
BX_KEY_Y+BX_KEY_ALT_R                         none       GDK_leftarrow
BX_KEY_Y                                      'z'        GDK_z
BX_KEY_Z+BX_KEY_SHIFT_L                       'Y'        GDK_Y
BX_KEY_Z+BX_KEY_ALT_R                         '«'        GDK_guillemotleft
BX_KEY_Z                                      'y'        GDK_y
BX_KEY_F1                                     none       GDK_F1
BX_KEY_F2                                     none       GDK_F2
BX_KEY_F3                                     none       GDK_F3
BX_KEY_F4                                     none       GDK_F4
BX_KEY_F5                                     none       GDK_F5
BX_KEY_F6                                     none       GDK_F6
BX_KEY_F7                                     none       GDK_F7
BX_KEY_F8                                     none       GDK_F8
BX_KEY_F9                                     none       GDK_F9
BX_KEY_F10                                    none       GDK_F10
BX_KEY_F11                                    none       GDK_F11
BX_KEY_F12                                    none       GDK_F12
BX_KEY_ALT_L                                  none       GDK_Alt_L
BX_KEY_ALT_L                                  none       GDK_Meta_L
BX_KEY_ALT_R                                  none       GDK_Alt_R
BX_KEY_ALT_R                                  none       GDK_Mode_switch
BX_KEY_ALT_R                                  none       GDK_Multi_key
BX_KEY_BACKSLASH                              apostrophe GDK_apostrophe
BX_KEY_BACKSLASH                              '#'        GDK_numbersign
BX_KEY_BACKSPACE                              none       GDK_BackSpace
BX_KEY_CAPS_LOCK                              none       GDK_Caps_Lock
BX_KEY_COMMA                                  ','        GDK_comma
BX_KEY_COMMA+BX_KEY_ALT_R                     none       GDK_horizconnector
BX_KEY_COMMA+BX_KEY_SHIFT_L                   ';'        GDK_semicolon
BX_KEY_CTRL_L                                 none       GDK_Control_L
BX_KEY_CTRL_R                                 none       GDK_Control_R
BX_KEY_DELETE                                 none       GDK_Delete
BX_KEY_DOWN                                   none       GDK_Down
BX_KEY_END                                    none       GDK_End
BX_KEY_ENTER                                  return     GDK_Return
BX_KEY_EQUALS                                 none       GDK_acute
BX_KEY_EQUALS+BX_KEY_ALT_R                    '¸'        GDK_cedilla
BX_KEY_EQUALS+BX_KEY_SHIFT_L                  '`'        GDK_grave
BX_KEY_ESC                                    none       GDK_Escape
BX_KEY_GRAVE                                  '^'        GDK_asciicircum
BX_KEY_GRAVE+BX_KEY_SHIFT_L                   '°'        GDK_degree
BX_KEY_GRAVE+BX_KEY_ALT_R                     '¬'        GDK_notsign
BX_KEY_HOME                                   none       GDK_Home
BX_KEY_INSERT                                 none       GDK_Insert
BX_KEY_KP_5                                   none       GDK_KP_5
BX_KEY_KP_5                                   none       GDK_KP_Begin
BX_KEY_KP_ADD                                 none       GDK_KP_Add
BX_KEY_KP_DELETE                              none       GDK_KP_Decimal
BX_KEY_KP_DELETE                              none       GDK_KP_Delete
BX_KEY_KP_DIVIDE                              none       GDK_KP_Divide
BX_KEY_KP_DOWN                                none       GDK_KP_2
BX_KEY_KP_DOWN                                none       GDK_KP_Down
BX_KEY_KP_END                                 none       GDK_KP_1
BX_KEY_KP_END                                 none       GDK_KP_End
BX_KEY_KP_ENTER                               none       GDK_KP_Enter
BX_KEY_KP_HOME                                none       GDK_KP_7
BX_KEY_KP_HOME                                none       GDK_KP_Home
BX_KEY_KP_INSERT                              none       GDK_KP_0
BX_KEY_KP_INSERT                              none       GDK_KP_Insert
BX_KEY_KP_LEFT                                none       GDK_KP_4
BX_KEY_KP_LEFT                                none       GDK_KP_Left
BX_KEY_KP_MULTIPLY                            none       GDK_KP_Multiply
BX_KEY_KP_PAGE_DOWN                           none       GDK_KP_3
BX_KEY_KP_PAGE_DOWN                           none       GDK_KP_Page_Down
BX_KEY_KP_PAGE_UP                             none       GDK_KP_9
BX_KEY_KP_PAGE_UP                             none       GDK_KP_Page_Up
BX_KEY_KP_RIGHT                               none       GDK_KP_6
BX_KEY_KP_RIGHT                               none       GDK_KP_Right
BX_KEY_KP_SUBTRACT                            none       GDK_KP_Subtract
BX_KEY_KP_UP                                  none       GDK_KP_8
BX_KEY_KP_UP                                  none       GDK_KP_Up
BX_KEY_LEFT                                   none       GDK_Left
BX_KEY_LEFT_BACKSLASH+BX_KEY_ALT_R            '|'        GDK_bar
BX_KEY_LEFT_BACKSLASH+BX_KEY_SHIFT_L          '>'        GDK_greater
BX_KEY_LEFT_BACKSLASH                         '<'        GDK_less
BX_KEY_LEFT_BRACKET+BX_KEY_SHIFT_L            'Ü'        GDK_Udiaeresis
BX_KEY_LEFT_BRACKET+BX_KEY_ALT_L              none       GDK_diaeresis
BX_KEY_LEFT_BRACKET                           'ü'        GDK_udiaeresis
BX_KEY_MENU                                   none       GDK_Menu
BX_KEY_MINUS+BX_KEY_ALT_L                     backslash  GDK_backslash
BX_KEY_MINUS+BX_KEY_SHIFT_L                   '?'        GDK_question
BX_KEY_MINUS                                  'ß'        GDK_ssharp
BX_KEY_NUM_LOCK                               none       GDK_Num_Lock
BX_KEY_PAGE_DOWN                              none       GDK_Page_Down
BX_KEY_PAGE_UP                                none       GDK_Page_Up
BX_KEY_PAUSE                                  none       GDK_Break
BX_KEY_PAUSE                                  none       GDK_Pause
BX_KEY_PERIOD+BX_KEY_SHIFT_L                  ':'        GDK_colon
BX_KEY_PERIOD                                 '.'        GDK_period
BX_KEY_PERIOD+BX_KEY_ALT_L                    '·'        GDK_periodcentered
BX_KEY_PRINT                                  none       GDK_Print
BX_KEY_PRINT                                  none       GDK_Sys_Req
BX_KEY_RIGHT                                  none       GDK_Right
BX_KEY_RIGHT_BRACKET+BX_KEY_ALT_R             '~'        GDK_asciitilde
BX_KEY_RIGHT_BRACKET+BX_KEY_SHIFT_L           '*'        GDK_asterisk
BX_KEY_RIGHT_BRACKET                          '+'        GDK_plus
BX_KEY_SCRL_LOCK                              none       GDK_Scroll_Lock
BX_KEY_SEMICOLON+BX_KEY_SHIFT_L               'Ö'        GDK_Odiaeresis
BX_KEY_SEMICOLON                              'ö'        GDK_odiaeresis
BX_KEY_SHIFT_L                                none       GDK_Shift_L
BX_KEY_SHIFT_R                                none       GDK_Shift_R
BX_KEY_SINGLE_QUOTE+BX_KEY_SHIFT_L            'Ä'        GDK_Adiaeresis
BX_KEY_SINGLE_QUOTE                           'ä'        GDK_adiaeresis
BX_KEY_SLASH                                  none       GDK_dead_belowdot
BX_KEY_SLASH                                  '-'        GDK_minus
BX_KEY_SLASH+BX_KEY_SHIFT_L                   '_'        GDK_underscore
BX_KEY_SPACE                                  space      GDK_space
BX_KEY_TAB                                    none       GDK_ISO_Left_Tab
BX_KEY_TAB                                    tab        GDK_Tab
BX_KEY_UP                                     none       GDK_Up
BX_KEY_WIN_L                                  none       GDK_Super_L
BX_KEY_WIN_R                                  none       GDK_Super_R
