# Bochs Keymap file : X11 - i386 - US
# Author : the Bochs team
#
# Format :
#   Bochs key symbol = X11 key symbol (without XK_ prefix) 
#
   BX_KEY_0                  =   0
   BX_KEY_0                  =   parenright
   BX_KEY_1                  =   1
   BX_KEY_1                  =   exclam
   BX_KEY_2                  =   2
   BX_KEY_2                  =   at
   BX_KEY_3                  =   3
   BX_KEY_3                  =   numbersign
   BX_KEY_4                  =   4
   BX_KEY_4                  =   dollar
   BX_KEY_5                  =   5
   BX_KEY_5                  =   percent
   BX_KEY_6                  =   6
   BX_KEY_7                  =   7
   BX_KEY_7                  =   ampersand
   BX_KEY_8                  =   8
   BX_KEY_8                  =   asterisk
   BX_KEY_9                  =   9
   BX_KEY_9                  =   parenleft
   BX_KEY_A                  =   A
   BX_KEY_A                  =   a
   BX_KEY_B                  =   B
   BX_KEY_B                  =   b
   BX_KEY_C                  =   C
   BX_KEY_C                  =   c
   BX_KEY_D                  =   D
   BX_KEY_D                  =   d
   BX_KEY_E                  =   E
   BX_KEY_E                  =   e
   BX_KEY_F                  =   F
   BX_KEY_F                  =   f
   BX_KEY_G                  =   G
   BX_KEY_G                  =   g
   BX_KEY_H                  =   H
   BX_KEY_H                  =   h
   BX_KEY_I                  =   I
   BX_KEY_I                  =   i
   BX_KEY_J                  =   J
   BX_KEY_J                  =   j
   BX_KEY_K                  =   K
   BX_KEY_K                  =   k
   BX_KEY_L                  =   L
   BX_KEY_L                  =   l
   BX_KEY_M                  =   M
   BX_KEY_M                  =   m
   BX_KEY_N                  =   N
   BX_KEY_N                  =   n
   BX_KEY_O                  =   O
   BX_KEY_O                  =   o
   BX_KEY_P                  =   P
   BX_KEY_P                  =   p
   BX_KEY_Q                  =   Q
   BX_KEY_Q                  =   q
   BX_KEY_R                  =   R
   BX_KEY_R                  =   r
   BX_KEY_S                  =   S
   BX_KEY_S                  =   s
   BX_KEY_T                  =   T
   BX_KEY_T                  =   t
   BX_KEY_U                  =   U
   BX_KEY_U                  =   u
   BX_KEY_V                  =   V
   BX_KEY_V                  =   v
   BX_KEY_W                  =   W
   BX_KEY_W                  =   w
   BX_KEY_X                  =   X
   BX_KEY_X                  =   x
   BX_KEY_Y                  =   Y
   BX_KEY_Y                  =   y
   BX_KEY_Z                  =   Z
   BX_KEY_Z                  =   z
   BX_KEY_F1                 =   F1
   BX_KEY_F2                 =   F2
   BX_KEY_F3                 =   F3
   BX_KEY_F4                 =   F4
   BX_KEY_F5                 =   F5
   BX_KEY_F6                 =   F6
   BX_KEY_F7                 =   F7
   BX_KEY_F8                 =   F8
   BX_KEY_F9                 =   F9
   BX_KEY_F10                =   F10
   BX_KEY_F11                =   F11
   BX_KEY_F12                =   F12
   BX_KEY_ALT_L              =   Alt_L
   BX_KEY_ALT_L              =   Meta_L
   BX_KEY_ALT_R              =   Mode_switch
   BX_KEY_ALT_R              =   Multi_key
   BX_KEY_BACKSLASH          =   backslash
   BX_KEY_BACKSLASH          =   bar
   BX_KEY_BACKSPACE          =   BackSpace
   BX_KEY_CAPS_LOCK          =   Caps_Lock
   BX_KEY_COMMA              =   comma
   BX_KEY_COMMA              =   less
   BX_KEY_CTRL_L             =   Control_L
   BX_KEY_CTRL_R             =   Control_R
   BX_KEY_DELETE             =   Delete
   BX_KEY_DOWN               =   Down
   BX_KEY_END                =   End
   BX_KEY_ENTER              =   Return
   BX_KEY_EQUALS             =   equal
   BX_KEY_EQUALS             =   plus
   BX_KEY_ESC                =   Escape
   BX_KEY_GRAVE              =   asciitilde
   BX_KEY_GRAVE              =   grave
   BX_KEY_HOME               =   Home
   BX_KEY_INSERT             =   Insert
   BX_KEY_KP_5               =   KP_5
   BX_KEY_KP_5               =   KP_Begin
   BX_KEY_KP_ADD             =   KP_Add
   BX_KEY_KP_DELETE          =   KP_Decimal
   BX_KEY_KP_DELETE          =   KP_Delete
   BX_KEY_KP_DIVIDE          =   KP_Divide
   BX_KEY_KP_DOWN            =   KP_2
   BX_KEY_KP_DOWN            =   KP_Down
   BX_KEY_KP_END             =   KP_1
   BX_KEY_KP_END             =   KP_End
   BX_KEY_KP_ENTER           =   KP_Enter
   BX_KEY_KP_HOME            =   KP_7
   BX_KEY_KP_HOME            =   KP_Home
   BX_KEY_KP_INSERT          =   KP_0
   BX_KEY_KP_INSERT          =   KP_Insert
   BX_KEY_KP_LEFT            =   KP_4
   BX_KEY_KP_LEFT            =   KP_Left
   BX_KEY_KP_MULTIPLY        =   KP_Multiply
   BX_KEY_KP_PAGE_DOWN       =   KP_3
   BX_KEY_KP_PAGE_DOWN       =   KP_Page_Down
   BX_KEY_KP_PAGE_UP         =   KP_9
   BX_KEY_KP_PAGE_UP         =   KP_Page_Up
   BX_KEY_KP_RIGHT           =   KP_6
   BX_KEY_KP_RIGHT           =   KP_Right
   BX_KEY_KP_SUBTRACT        =   KP_Subtract
   BX_KEY_KP_UP              =   KP_8
   BX_KEY_KP_UP              =   KP_Up
   BX_KEY_LEFT               =   Left
   BX_KEY_LEFT_BRACKET       =   braceleft
   BX_KEY_LEFT_BRACKET       =   bracketleft
   BX_KEY_MENU               =   Menu
   BX_KEY_MINUS              =   minus
   BX_KEY_MINUS              =   underscore
   BX_KEY_NUM_LOCK           =   Num_Lock
   BX_KEY_PAGE_DOWN          =   Page_Down
   BX_KEY_PAGE_UP            =   Page_Up
   BX_KEY_PAUSE              =   Break
   BX_KEY_PAUSE              =   Pause
   BX_KEY_PERIOD             =   greater
   BX_KEY_PERIOD             =   period
   BX_KEY_PRINT              =   Print
   BX_KEY_PRINT              =   Sys_Req
   BX_KEY_RIGHT              =   Right
   BX_KEY_RIGHT_BRACKET      =   braceright
   BX_KEY_RIGHT_BRACKET      =   bracketright
   BX_KEY_SCRL_LOCK          =   Scroll_Lock
   BX_KEY_SEMICOLON          =   colon
   BX_KEY_SEMICOLON          =   semicolon
   BX_KEY_SHIFT_L            =   Shift_L
   BX_KEY_SHIFT_R            =   Shift_R
   BX_KEY_SINGLE_QUOTE       =   apostrophe
   BX_KEY_SINGLE_QUOTE       =   quotedbl
   BX_KEY_SLASH              =   question
   BX_KEY_SLASH              =   slash
   BX_KEY_SPACE              =   space
   BX_KEY_TAB                =   ISO_Left_Tab
   BX_KEY_TAB                =   Tab
   BX_KEY_UP                 =   Up
   BX_KEY_WIN_L              =   Super_L
   BX_KEY_WIN_R              =   Super_R
